[2025-02-10T13:23:46.671+0000][gc,init] CardTable entry size: 512
[2025-02-10T13:23:46.671+0000][gc     ] Using G1
[2025-02-10T13:23:46.688+0000][gc,init] Version: 21.0.5+11-Ubuntu-1ubuntu124.04 (release)
[2025-02-10T13:23:46.689+0000][gc,init] CPUs: 2 total, 2 available
[2025-02-10T13:23:46.689+0000][gc,init] Memory: 7950M
[2025-02-10T13:23:46.689+0000][gc,init] Large Page Support: Disabled
[2025-02-10T13:23:46.689+0000][gc,init] NUMA Support: Disabled
[2025-02-10T13:23:46.689+0000][gc,init] Compressed Oops: Enabled (32-bit)
[2025-02-10T13:23:46.689+0000][gc,init] Heap Region Size: 1M
[2025-02-10T13:23:46.689+0000][gc,init] Heap Min Capacity: 1G
[2025-02-10T13:23:46.689+0000][gc,init] Heap Initial Capacity: 1G
[2025-02-10T13:23:46.689+0000][gc,init] Heap Max Capacity: 1G
[2025-02-10T13:23:46.689+0000][gc,init] Pre-touch: Disabled
[2025-02-10T13:23:46.689+0000][gc,init] Parallel Workers: 2
[2025-02-10T13:23:46.689+0000][gc,init] Concurrent Workers: 1
[2025-02-10T13:23:46.689+0000][gc,init] Concurrent Refinement Workers: 2
[2025-02-10T13:23:46.689+0000][gc,init] Periodic GC: Disabled
[2025-02-10T13:23:46.700+0000][gc,metaspace] CDS archive(s) mapped at: [0x00007a20cb000000-0x00007a20cbc97000-0x00007a20cbc97000), size 13201408, SharedBaseAddress: 0x00007a20cb000000, ArchiveRelocationMode: 1.
[2025-02-10T13:23:46.701+0000][gc,metaspace] Compressed class space mapped at: 0x00007a20cc000000-0x00007a210c000000, reserved size: 1073741824
[2025-02-10T13:23:46.701+0000][gc,metaspace] Narrow klass base: 0x00007a20cb000000, Narrow klass shift: 0, Narrow klass range: 0x100000000
[2025-02-10T13:23:48.629+0000][gc,start    ] GC(0) Pause Young (Normal) (G1 Evacuation Pause)
[2025-02-10T13:23:48.629+0000][gc,task     ] GC(0) Using 2 workers of 2 for evacuation
[2025-02-10T13:23:48.646+0000][gc,phases   ] GC(0)   Pre Evacuate Collection Set: 0.4ms
[2025-02-10T13:23:48.646+0000][gc,phases   ] GC(0)   Merge Heap Roots: 0.1ms
[2025-02-10T13:23:48.646+0000][gc,phases   ] GC(0)   Evacuate Collection Set: 15.2ms
[2025-02-10T13:23:48.646+0000][gc,phases   ] GC(0)   Post Evacuate Collection Set: 1.1ms
[2025-02-10T13:23:48.646+0000][gc,phases   ] GC(0)   Other: 0.3ms
[2025-02-10T13:23:48.646+0000][gc,heap     ] GC(0) Eden regions: 51->0(44)
[2025-02-10T13:23:48.646+0000][gc,heap     ] GC(0) Survivor regions: 0->7(7)
[2025-02-10T13:23:48.646+0000][gc,heap     ] GC(0) Old regions: 2->2
[2025-02-10T13:23:48.646+0000][gc,heap     ] GC(0) Humongous regions: 0->0
[2025-02-10T13:23:48.646+0000][gc,metaspace] GC(0) Metaspace: 19068K(19328K)->19068K(19328K) NonClass: 16875K(17024K)->16875K(17024K) Class: 2192K(2304K)->2192K(2304K)
[2025-02-10T13:23:48.646+0000][gc          ] GC(0) Pause Young (Normal) (G1 Evacuation Pause) 52M->8M(1024M) 17.412ms
[2025-02-10T13:23:48.646+0000][gc,cpu      ] GC(0) User=0.03s Sys=0.01s Real=0.02s
[2025-02-10T13:23:48.955+0000][gc,start    ] GC(1) Pause Young (Concurrent Start) (Metadata GC Threshold)
[2025-02-10T13:23:48.955+0000][gc,task     ] GC(1) Using 2 workers of 2 for evacuation
[2025-02-10T13:23:48.971+0000][gc,phases   ] GC(1)   Pre Evacuate Collection Set: 0.5ms
[2025-02-10T13:23:48.971+0000][gc,phases   ] GC(1)   Merge Heap Roots: 0.1ms
[2025-02-10T13:23:48.971+0000][gc,phases   ] GC(1)   Evacuate Collection Set: 14.7ms
[2025-02-10T13:23:48.971+0000][gc,phases   ] GC(1)   Post Evacuate Collection Set: 0.9ms
[2025-02-10T13:23:48.971+0000][gc,phases   ] GC(1)   Other: 0.1ms
[2025-02-10T13:23:48.972+0000][gc,heap     ] GC(1) Eden regions: 9->0(50)
[2025-02-10T13:23:48.972+0000][gc,heap     ] GC(1) Survivor regions: 7->1(7)
[2025-02-10T13:23:48.972+0000][gc,heap     ] GC(1) Old regions: 2->9
[2025-02-10T13:23:48.972+0000][gc,heap     ] GC(1) Humongous regions: 0->0
[2025-02-10T13:23:48.972+0000][gc,metaspace] GC(1) Metaspace: 21272K(21504K)->21272K(21504K) NonClass: 18798K(18944K)->18798K(18944K) Class: 2473K(2560K)->2473K(2560K)
[2025-02-10T13:23:48.972+0000][gc          ] GC(1) Pause Young (Concurrent Start) (Metadata GC Threshold) 17M->9M(1024M) 16.576ms
[2025-02-10T13:23:48.972+0000][gc,cpu      ] GC(1) User=0.03s Sys=0.01s Real=0.02s
[2025-02-10T13:23:48.972+0000][gc          ] GC(2) Concurrent Mark Cycle
[2025-02-10T13:23:48.972+0000][gc,marking  ] GC(2) Concurrent Scan Root Regions
[2025-02-10T13:23:48.983+0000][gc,marking  ] GC(2) Concurrent Scan Root Regions 10.918ms
[2025-02-10T13:23:48.983+0000][gc,marking  ] GC(2) Concurrent Mark
[2025-02-10T13:23:48.983+0000][gc,marking  ] GC(2) Concurrent Mark From Roots
[2025-02-10T13:23:48.983+0000][gc,task     ] GC(2) Using 1 workers of 1 for marking
[2025-02-10T13:23:48.995+0000][gc,marking  ] GC(2) Concurrent Mark From Roots 12.110ms
[2025-02-10T13:23:48.995+0000][gc,marking  ] GC(2) Concurrent Preclean
[2025-02-10T13:23:48.995+0000][gc,marking  ] GC(2) Concurrent Preclean 0.019ms
[2025-02-10T13:23:48.995+0000][gc,start    ] GC(2) Pause Remark
[2025-02-10T13:23:48.999+0000][gc          ] GC(2) Pause Remark 9M->9M(1024M) 3.691ms
[2025-02-10T13:23:48.999+0000][gc,cpu      ] GC(2) User=0.00s Sys=0.00s Real=0.00s
[2025-02-10T13:23:48.999+0000][gc,marking  ] GC(2) Concurrent Mark 16.520ms
[2025-02-10T13:23:48.999+0000][gc,marking  ] GC(2) Concurrent Rebuild Remembered Sets and Scrub Regions
[2025-02-10T13:23:49.006+0000][gc,marking  ] GC(2) Concurrent Rebuild Remembered Sets and Scrub Regions 6.385ms
[2025-02-10T13:23:49.126+0000][gc,start    ] GC(2) Pause Cleanup
[2025-02-10T13:23:49.126+0000][gc          ] GC(2) Pause Cleanup 139M->139M(1024M) 0.445ms
[2025-02-10T13:23:49.126+0000][gc,cpu      ] GC(2) User=0.00s Sys=0.00s Real=0.00s
[2025-02-10T13:23:49.127+0000][gc,marking  ] GC(2) Concurrent Clear Claimed Marks
[2025-02-10T13:23:49.127+0000][gc,marking  ] GC(2) Concurrent Clear Claimed Marks 0.032ms
[2025-02-10T13:23:49.127+0000][gc,marking  ] GC(2) Concurrent Cleanup for Next Mark
[2025-02-10T13:23:49.156+0000][gc,marking  ] GC(2) Concurrent Cleanup for Next Mark 29.759ms
[2025-02-10T13:23:49.156+0000][gc          ] GC(2) Concurrent Mark Cycle 184.597ms
[2025-02-10T13:23:50.550+0000][gc,start    ] GC(3) Pause Young (Prepare Mixed) (G1 Evacuation Pause)
[2025-02-10T13:23:50.550+0000][gc,task     ] GC(3) Using 2 workers of 2 for evacuation
[2025-02-10T13:23:50.580+0000][gc,mmu      ] GC(3) MMU target violated: 21.0ms (20.0ms/21.0ms)
[2025-02-10T13:23:50.580+0000][gc,phases   ] GC(3)   Pre Evacuate Collection Set: 0.5ms
[2025-02-10T13:23:50.580+0000][gc,phases   ] GC(3)   Merge Heap Roots: 0.1ms
[2025-02-10T13:23:50.580+0000][gc,phases   ] GC(3)   Evacuate Collection Set: 14.8ms
[2025-02-10T13:23:50.580+0000][gc,phases   ] GC(3)   Post Evacuate Collection Set: 14.0ms
[2025-02-10T13:23:50.580+0000][gc,phases   ] GC(3)   Other: 0.2ms
[2025-02-10T13:23:50.580+0000][gc,heap     ] GC(3) Eden regions: 50->0(45)
[2025-02-10T13:23:50.580+0000][gc,heap     ] GC(3) Survivor regions: 1->6(7)
[2025-02-10T13:23:50.580+0000][gc,heap     ] GC(3) Old regions: 9->9
[2025-02-10T13:23:50.580+0000][gc,heap     ] GC(3) Humongous regions: 129->129
[2025-02-10T13:23:50.580+0000][gc,metaspace] GC(3) Metaspace: 33655K(33984K)->33655K(33984K) NonClass: 29955K(30144K)->29955K(30144K) Class: 3699K(3840K)->3699K(3840K)
[2025-02-10T13:23:50.580+0000][gc          ] GC(3) Pause Young (Prepare Mixed) (G1 Evacuation Pause) 188M->143M(1024M) 29.646ms
[2025-02-10T13:23:50.580+0000][gc,cpu      ] GC(3) User=0.04s Sys=0.00s Real=0.03s
[2025-02-10T13:24:39.919+0000][gc,start    ] GC(4) Pause Young (Mixed) (Metadata GC Threshold)
[2025-02-10T13:24:39.919+0000][gc,task     ] GC(4) Using 2 workers of 2 for evacuation
[2025-02-10T13:24:39.937+0000][gc,phases   ] GC(4)   Pre Evacuate Collection Set: 0.7ms
[2025-02-10T13:24:39.937+0000][gc,phases   ] GC(4)   Merge Heap Roots: 0.1ms
[2025-02-10T13:24:39.937+0000][gc,phases   ] GC(4)   Evacuate Collection Set: 15.8ms
[2025-02-10T13:24:39.937+0000][gc,phases   ] GC(4)   Post Evacuate Collection Set: 0.8ms
[2025-02-10T13:24:39.937+0000][gc,phases   ] GC(4)   Other: 0.1ms
[2025-02-10T13:24:39.937+0000][gc,heap     ] GC(4) Eden regions: 11->0(50)
[2025-02-10T13:24:39.937+0000][gc,heap     ] GC(4) Survivor regions: 6->1(7)
[2025-02-10T13:24:39.937+0000][gc,heap     ] GC(4) Old regions: 9->14
[2025-02-10T13:24:39.937+0000][gc,heap     ] GC(4) Humongous regions: 129->129
[2025-02-10T13:24:39.937+0000][gc,metaspace] GC(4) Metaspace: 35827K(36160K)->35827K(36160K) NonClass: 31753K(31936K)->31753K(31936K) Class: 4073K(4224K)->4073K(4224K)
[2025-02-10T13:24:39.937+0000][gc          ] GC(4) Pause Young (Mixed) (Metadata GC Threshold) 153M->143M(1024M) 17.701ms
[2025-02-10T13:24:39.937+0000][gc,cpu      ] GC(4) User=0.03s Sys=0.01s Real=0.02s
[2025-02-10T13:24:39.984+0000][gc,start    ] GC(5) Pause Young (Concurrent Start) (Metadata GC Threshold)
[2025-02-10T13:24:39.984+0000][gc,task     ] GC(5) Using 2 workers of 2 for evacuation
[2025-02-10T13:24:39.994+0000][gc,phases   ] GC(5)   Pre Evacuate Collection Set: 0.9ms
[2025-02-10T13:24:39.994+0000][gc,phases   ] GC(5)   Merge Heap Roots: 0.1ms
[2025-02-10T13:24:39.994+0000][gc,phases   ] GC(5)   Evacuate Collection Set: 8.0ms
[2025-02-10T13:24:39.994+0000][gc,phases   ] GC(5)   Post Evacuate Collection Set: 0.7ms
[2025-02-10T13:24:39.994+0000][gc,phases   ] GC(5)   Other: 0.2ms
[2025-02-10T13:24:39.994+0000][gc,heap     ] GC(5) Eden regions: 2->0(50)
[2025-02-10T13:24:39.994+0000][gc,heap     ] GC(5) Survivor regions: 1->1(7)
[2025-02-10T13:24:39.994+0000][gc,heap     ] GC(5) Old regions: 14->14
[2025-02-10T13:24:39.994+0000][gc,heap     ] GC(5) Humongous regions: 129->129
[2025-02-10T13:24:39.994+0000][gc,metaspace] GC(5) Metaspace: 36120K(36480K)->36120K(36480K) NonClass: 31997K(32192K)->31997K(32192K) Class: 4123K(4288K)->4123K(4288K)
[2025-02-10T13:24:39.994+0000][gc          ] GC(5) Pause Young (Concurrent Start) (Metadata GC Threshold) 145M->143M(1024M) 10.000ms
[2025-02-10T13:24:39.994+0000][gc,cpu      ] GC(5) User=0.02s Sys=0.00s Real=0.01s
[2025-02-10T13:24:39.994+0000][gc          ] GC(6) Concurrent Mark Cycle
[2025-02-10T13:24:39.994+0000][gc,marking  ] GC(6) Concurrent Scan Root Regions
[2025-02-10T13:24:39.996+0000][gc,marking  ] GC(6) Concurrent Scan Root Regions 2.053ms
[2025-02-10T13:24:39.996+0000][gc,marking  ] GC(6) Concurrent Mark
[2025-02-10T13:24:39.996+0000][gc,marking  ] GC(6) Concurrent Mark From Roots
[2025-02-10T13:24:39.996+0000][gc,task     ] GC(6) Using 1 workers of 1 for marking
[2025-02-10T13:24:40.081+0000][gc,marking  ] GC(6) Concurrent Mark From Roots 84.895ms
[2025-02-10T13:24:40.081+0000][gc,marking  ] GC(6) Concurrent Preclean
[2025-02-10T13:24:40.081+0000][gc,marking  ] GC(6) Concurrent Preclean 0.166ms
[2025-02-10T13:24:40.082+0000][gc,start    ] GC(6) Pause Remark
[2025-02-10T13:24:40.092+0000][gc          ] GC(6) Pause Remark 144M->144M(1024M) 9.964ms
[2025-02-10T13:24:40.092+0000][gc,cpu      ] GC(6) User=0.02s Sys=0.00s Real=0.01s
[2025-02-10T13:24:40.092+0000][gc,marking  ] GC(6) Concurrent Mark 95.651ms
[2025-02-10T13:24:40.092+0000][gc,marking  ] GC(6) Concurrent Rebuild Remembered Sets and Scrub Regions
[2025-02-10T13:24:40.133+0000][gc,marking  ] GC(6) Concurrent Rebuild Remembered Sets and Scrub Regions 41.027ms
[2025-02-10T13:24:40.136+0000][gc,start    ] GC(6) Pause Cleanup
[2025-02-10T13:24:40.136+0000][gc          ] GC(6) Pause Cleanup 146M->146M(1024M) 0.555ms
[2025-02-10T13:24:40.136+0000][gc,cpu      ] GC(6) User=0.00s Sys=0.00s Real=0.00s
[2025-02-10T13:24:40.136+0000][gc,marking  ] GC(6) Concurrent Clear Claimed Marks
[2025-02-10T13:24:40.136+0000][gc,marking  ] GC(6) Concurrent Clear Claimed Marks 0.046ms
[2025-02-10T13:24:40.136+0000][gc,marking  ] GC(6) Concurrent Cleanup for Next Mark
[2025-02-10T13:24:40.140+0000][gc,marking  ] GC(6) Concurrent Cleanup for Next Mark 3.501ms
[2025-02-10T13:24:40.140+0000][gc          ] GC(6) Concurrent Mark Cycle 145.582ms
